board_updates=12
board: 학업 3972ec26-1aaf-81de-9f88-d5cbb78338e1 icon=🎓 desc=학부 수업, 학기별 과제, 전공 개념 정리
board: 자격·어학 3972ec26-1aaf-816c-98cd-e8f3cd11dd5c icon=📜 desc=자격증, 어학 시험, 시험 준비 기록
board: 취업·커리어 3972ec26-1aaf-8162-ba61-c56248d21ee4 icon=💼 desc=진로 준비, 커리어 자료, 프로젝트 아이디어 스크랩
board: 42 Seoul 3982ec26-1aaf-81a4-8368-f1b34beeab1e icon=💻 desc=42 Seoul에서 진행한 프로젝트들에 대한 노트 모음
board: Block Chain 3982ec26-1aaf-819b-a844-de633a89291a icon=⛓️ desc=블록체인 관련 개념과 실습 노트
board: Blog 3982ec26-1aaf-8156-94ea-feb03805d00c icon=✍️ desc=블로그 운영과 글쓰기 관련 노트
board: IT 인프라 3982ec26-1aaf-8190-aa98-edc3c0b62fed icon=🛠️ desc=AirFlow, Hadoop, Helm, k8s, Terraform, Vault 등 인프라와 DevOps 정리 노트
board: 데이터 분석 3982ec26-1aaf-813f-90ad-dfa36678babd icon=📊 desc=Machine Learning, Deep Learning, 선형대수, Kaggle, 강화 학습 관련 노트
board: ROS 3982ec26-1aaf-8151-9664-c9aacbbced3e icon=🤖 desc=ROS 관련 노트
board: Rust 3982ec26-1aaf-816b-80ed-f1c4cf7ee628 icon=⚙️ desc=Rust 관련 노트
board: 금융 3982ec26-1aaf-818d-8514-f70ab5659682 icon=💰 desc=금융 관련 노트
board: 독서 3982ec26-1aaf-8114-8297-cccf734c9857 icon=📚 desc=독서 관련 기록과 노트
project_updates=11
project: 학부 4학년 1학기 3982ec26-1aaf-8118-a550-dc70f61fc958 icon=🎓 status=진행 중 source_status=on-going desc=4학년 1학기 학부 할 일 총 정리
project: 정보처리기사 2026-2 실기 3972ec26-1aaf-81ed-a56a-e8c9fee59b3f icon=💻 status=진행 중 source_status=on-going desc=빠르게 따 봅시다
project: ADP 35회 실기 3982ec26-1aaf-81cf-a4d0-fba62aeb9757 icon=📊 status=완료 source_status=completed desc=ADP 실기를 준비해 봅시다.
project: ADP 34회 필기 3982ec26-1aaf-8184-b438-f46551574d41 icon=📊 status=완료 source_status=completed desc=과연 2번째 도전은 성공할 것인가
project: AWS SAA 준비 3982ec26-1aaf-8176-8ad5-f2dbdf76176b icon=☁️ status=완료 source_status=completed desc=AWS SAA를 준비해 봅시다.
project: 학부 2학년 2학기 3982ec26-1aaf-81d8-85fb-eead457cfd0c icon=🎓 status=완료 source_status=completed desc=2학년 2학기 학부 개념 정리
project: 학부 3학년 1학기 3982ec26-1aaf-81b8-869c-de90f2abdb98 icon=🎓 status=완료 source_status=completed desc=3학년 1학기 학부 할 일 총 정리
project: 학부 3학년 2학기 3982ec26-1aaf-81db-af82-effc2e54847b icon=🎓 status=완료 source_status=completed desc=3학년 2학기 학부 할 일 총 정리
project: 오픽(OPIc) 3972ec26-1aaf-8118-b7a1-e01587190e96 icon=💬 status=보류·취소 source_status=failed desc=OPIc을 준비해 봅시다
project: Toeic 준비 3982ec26-1aaf-81d3-ab78-cfcc3e10757b icon=💬 status=진행 중 source_status=on-going desc=Toeic을 준비해 봅시다
project: 토익 스피킹 준비 3982ec26-1aaf-816f-9e7f-f4c3420f67dc icon=💬 status=완료 source_status=completed desc=토익 스피킹을 준비해 봅시다
updated board: 학업
updated board: 자격·어학
updated board: 취업·커리어
updated board: 42 Seoul
updated board: Block Chain
updated board: Blog
updated board: IT 인프라
updated board: 데이터 분석
updated board: ROS
updated board: Rust
updated board: 금융
updated board: 독서
updated project: 학부 4학년 1학기
updated project: 정보처리기사 2026-2 실기
updated project: ADP 35회 실기
updated project: ADP 34회 필기
updated project: AWS SAA 준비
updated project: 학부 2학년 2학기
updated project: 학부 3학년 1학기
updated project: 학부 3학년 2학기
updated project: 오픽(OPIc)
updated project: Toeic 준비
updated project: 토익 스피킹 준비
done board_updates=12 project_updates=11
