will_link_posts=363
skipped_posts=0
will_create_boards=["42 Seoul", "Block Chain", "Blog", "IT 인프라", "ROS", "Rust", "금융", "데이터 분석", "독서"]
will_create_projects=["ADP 34회 필기", "ADP 35회 실기", "AWS SAA 준비", "Toeic 준비", "토익 스피킹 준비", "학부 2학년 2학기", "학부 3학년 1학기", "학부 3학년 2학기", "학부 4학년 1학기"]
posts_by_board={"42 Seoul": 9, "Block Chain": 3, "Blog": 3, "IT 인프라": 14, "ROS": 1, "Rust": 1, "금융": 1, "데이터 분석": 46, "독서": 1, "자격·어학": 104, "취업·커리어": 10, "학업": 170}
posts_by_project={"ADP 34회 필기": 15, "ADP 35회 실기": 51, "AWS SAA 준비": 20, "Toeic 준비": 1, "오픽(OPIc)": 5, "정보처리기사 2026-2 실기": 9, "토익 스피킹 준비": 1, "학부 2학년 2학기": 29, "학부 3학년 1학기": 58, "학부 3학년 2학기": 37, "학부 4학년 1학기": 46}
created board: 42 Seoul 3982ec26-1aaf-81a4-8368-f1b34beeab1e
created board: Block Chain 3982ec26-1aaf-819b-a844-de633a89291a
created board: Blog 3982ec26-1aaf-8156-94ea-feb03805d00c
created board: IT 인프라 3982ec26-1aaf-8190-aa98-edc3c0b62fed
created board: ROS 3982ec26-1aaf-8151-9664-c9aacbbced3e
created board: Rust 3982ec26-1aaf-816b-80ed-f1c4cf7ee628
created board: 금융 3982ec26-1aaf-818d-8514-f70ab5659682
created board: 데이터 분석 3982ec26-1aaf-813f-90ad-dfa36678babd
created board: 독서 3982ec26-1aaf-8114-8297-cccf734c9857
created project: ADP 34회 필기 3982ec26-1aaf-8184-b438-f46551574d41
created project: ADP 35회 실기 3982ec26-1aaf-81cf-a4d0-fba62aeb9757
created project: AWS SAA 준비 3982ec26-1aaf-8176-8ad5-f2dbdf76176b
created project: Toeic 준비 3982ec26-1aaf-81d3-ab78-cfcc3e10757b
created project: 토익 스피킹 준비 3982ec26-1aaf-816f-9e7f-f4c3420f67dc
created project: 학부 2학년 2학기 3982ec26-1aaf-81d8-85fb-eead457cfd0c
created project: 학부 3학년 1학기 3982ec26-1aaf-81b8-869c-de90f2abdb98
created project: 학부 3학년 2학기 3982ec26-1aaf-81db-af82-effc2e54847b
created project: 학부 4학년 1학기 3982ec26-1aaf-8118-a550-dc70f61fc958
linked posts: 25
linked posts: 50
linked posts: 75
linked posts: 100
linked posts: 125
linked posts: 150
linked posts: 175
linked posts: 200
linked posts: 225
linked posts: 250
linked posts: 275
linked posts: 300
linked posts: 325
linked posts: 350
done linked=363 skipped=0
