recreated: 01_projects/bs_4_1/notes/블록체인/2026-05-30_15-stablecoin-mechanisms-terra-luna.qmd -> https://app.notion.com/p/Lecture-15-DAI-USDS-Terra-LUNA-3982ec261aaf81c3a4d9f698a635c58f
recreated: 01_projects/bs_4_1/notes/블록체인/2026-05-30_16-oracle-chainlink.qmd -> https://app.notion.com/p/Lecture-16-Oracle-3982ec261aaf81238b6ec31ea3f2e2c0
recreated: 01_projects/bs_4_1/notes/블록체인/2026-05-30_17-18-rollup-scalability.qmd -> https://app.notion.com/p/Lecture-17-18-Optimistic-ZK-Rollup-3982ec261aaf81248bc0e068e62d941c
recreated: 01_projects/bs_4_1/notes/블록체인/2026-05-30_19-20-rollup-stage-pos-merge.qmd -> https://app.notion.com/p/Lecture-19-20-Stage-PoS-The-Merge-3982ec261aaf81c881e6e643bfabb3f5
recreated: 01_projects/bs_4_1/notes/실험/00.md -> https://app.notion.com/p/3982ec261aaf81d6b33fea044f2c0780
recreated: 01_projects/bs_4_1/notes/실험/01.md -> https://app.notion.com/p/3982ec261aaf81f392e0fb6bfbd9f557
recreated: 01_projects/bs_4_1/notes/실험/02.md -> https://app.notion.com/p/3982ec261aaf8175ac47d451e3f9ccd2
recreated: 01_projects/bs_4_1/notes/실험/03.md -> https://app.notion.com/p/3982ec261aaf81c7845fe6ce8fc4dea5
recreated: 01_projects/bs_4_1/notes/실험/04.md -> https://app.notion.com/p/3982ec261aaf8140b1a5c9b9370dd34b
recreated: 01_projects/bs_4_1/notes/실험/05.md -> https://app.notion.com/p/3982ec261aaf8153b969cd8962231126
recreated: 01_projects/bs_4_1/notes/실험/06.md -> https://app.notion.com/p/3982ec261aaf81dcb177f7fff2b28103
recreated: 01_projects/bs_4_1/notes/실험/07.md -> https://app.notion.com/p/pH-3982ec261aaf8137b9f7d6c9387c6867
recreated: 01_projects/bs_4_1/notes/실험/08.md -> https://app.notion.com/p/3982ec261aaf8177b316d5b7aaef0902
recreated: 01_projects/bs_4_1/notes/전공종합설계/00.qmd -> https://app.notion.com/p/Team-5-3982ec261aaf818d8006e33732a1a3cd
recreated: 01_projects/bs_4_1/notes/화학/00.md -> https://app.notion.com/p/3982ec261aaf8185a035cb7bf5f1ee95
recreated: 01_projects/bs_4_1/notes/화학/01.md -> https://app.notion.com/p/3982ec261aaf8137a0eec5b89e91f3c8
recreated: 01_projects/bs_4_1/notes/화학/02.md -> https://app.notion.com/p/3982ec261aaf819dba69c8b918bbb673
recreated: 01_projects/bs_4_1/notes/화학/03.md -> https://app.notion.com/p/3982ec261aaf8124874bfcfb19d3d50e
recreated: 01_projects/bs_4_1/notes/화학/2026-05-04_ch5-periodicity-atomic-structure.qmd -> https://app.notion.com/p/Ch-5-3982ec261aaf8152a8fbcf9e33e9ef87
recreated: 01_projects/bs_4_1/notes/화학/2026-05-11_ch6-ionic-bonding.qmd -> https://app.notion.com/p/Ch-6-3982ec261aaf8109ae0eeb1e1f173591
recreated: 01_projects/bs_4_1/notes/화학/2026-05-18_ch7-covalent-bonding.qmd -> https://app.notion.com/p/Ch-7-3982ec261aaf810aa154e81af88a614c
recreated: 01_projects/bs_4_1/notes/화학/2026-06-01_ch9-thermochemistry.qmd -> https://app.notion.com/p/Ch-9-3982ec261aaf81c5a07ed3e93d609638
recreated: 01_projects/정보처리기사/notes/00.md -> https://app.notion.com/p/3982ec261aaf81b1b4d2dbc7090d6a47
recreated: 01_projects/정보처리기사/notes/01.md -> https://app.notion.com/p/3982ec261aaf81459040cbd33b4f33b9
recreated: 01_projects/정보처리기사/notes/03.md -> https://app.notion.com/p/3982ec261aaf81288817c74ef2a5c77c
recreated: 01_projects/정보처리기사/notes/05.md -> https://app.notion.com/p/3982ec261aaf81068d4bf1e9379ebbc5
recreated: 01_projects/정보처리기사/notes/06.md -> https://app.notion.com/p/SW-3982ec261aaf81d6b211c0527d883991
recreated: 01_projects/정보처리기사/notes/11.md -> https://app.notion.com/p/3982ec261aaf81779376d8104873cd99
recreated: 01_projects/정보처리기사/notes/13.md -> https://app.notion.com/p/IT-3982ec261aaf81aaac27eb36d85ef935
recreated: 01_projects/정보처리기사/notes/15.md -> https://app.notion.com/p/3982ec261aaf81ecb379f4d6c15b0d93
recreated: 02_categories/42_seoul/notes/00.md -> https://app.notion.com/p/ft_printf-3982ec261aaf8156b43fd705c22f01a6
recreated: 02_categories/42_seoul/notes/01.md -> https://app.notion.com/p/ft_transcendence-github-action-3982ec261aaf813aa09fd410460542f4
recreated: 02_categories/42_seoul/notes/02.md -> https://app.notion.com/p/ft_transcendence-JWT-3982ec261aaf8141bb79e46aa19e5e7f
recreated: 02_categories/42_seoul/notes/03.md -> https://app.notion.com/p/ft_transcendence-block-chain-3982ec261aaf81bb9d4adddb1a3165fa
recreated: 02_categories/42_seoul/notes/04.md -> https://app.notion.com/p/inception-of-things-part-1-3982ec261aaf8193adf5c35f75427bb3
recreated: 02_categories/42_seoul/notes/05.md -> https://app.notion.com/p/inception-of-things-part-2-3982ec261aaf8130ae1bfa8a6dd96ff6
recreated: 02_categories/42_seoul/notes/06.md -> https://app.notion.com/p/inception-of-things-part-3-3982ec261aaf8160accbff1af02463b7
recreated: 02_categories/42_seoul/notes/08.md -> https://app.notion.com/p/cloud-1-3982ec261aaf81f99fdbe0f707ff75f5
recreated: 02_categories/42_seoul/notes/09.md -> https://app.notion.com/p/cloud-1-3982ec261aaf81e4887cd0147ebe65ef
recreated: 02_categories/block_chain/notes/00.md -> https://app.notion.com/p/block-chain-basic-3982ec261aaf814ca4fbc891c7f9ccc1
recreated: 02_categories/block_chain/notes/01.md -> https://app.notion.com/p/ZKPs-3982ec261aaf81a992c1ce7752edfb56
recreated: 02_categories/block_chain/notes/02.md -> https://app.notion.com/p/3982ec261aaf819d9493df8892a17f2b
recreated: 02_categories/deep_learning/notes/basic/00.qmd -> https://app.notion.com/p/3982ec261aaf81c3a1e2d159361bcaac
recreated: 02_categories/deep_learning/notes/basic/01.qmd -> https://app.notion.com/p/3982ec261aaf8163821bdc95ad86e658
recreated: 02_categories/deep_learning/notes/basic/02.qmd -> https://app.notion.com/p/3982ec261aaf81118923ef09b15c98de
recreated: 02_categories/deep_learning/notes/basic/03.qmd -> https://app.notion.com/p/3982ec261aaf81c3922cdef9cc79b6d4
recreated: 02_categories/deep_learning/notes/basic/04.qmd -> https://app.notion.com/p/3982ec261aaf818e834ae23ae3938b22
recreated: 02_categories/deep_learning/notes/basic/05.qmd -> https://app.notion.com/p/3982ec261aaf81798534ceffd4453710
recreated: 02_categories/deep_learning/notes/basic/06.qmd -> https://app.notion.com/p/3982ec261aaf81508e51d1a965b08a17
recreated: 02_categories/deep_learning/notes/basic/07.qmd -> https://app.notion.com/p/word2vec-3982ec261aaf81069e38e63f7b3853a0
recreated: 02_categories/deep_learning/notes/pytorch/00.qmd -> https://app.notion.com/p/pytorch-3982ec261aaf8153b4dff7d24e787605
recreated: 02_categories/deep_learning/notes/time_series/00.qmd -> https://app.notion.com/p/overview-3982ec261aaf81eeb1a4cb4e6c9590f4
recreated: 02_categories/deep_learning/notes/time_series/01.qmd -> https://app.notion.com/p/data-windowing-baseline-modeling-3982ec261aaf8172a20bd4e6e6714b8b
recreated: 02_categories/강화_학습/notes/gymnasium/00.qmd -> https://app.notion.com/p/3982ec261aaf81259e17d9288ee610ac
recreated: 02_categories/진로준비/notes/금융/00.md -> https://app.notion.com/p/JD-3982ec261aaf817486abeb3186d08ce7
recreated: 02_categories/진로준비/notes/대학원/00.md -> https://app.notion.com/p/JD-3982ec261aaf8127bc05d31d3283cae9
recreated: 02_categories/진로준비/notes/대학원/01.md -> https://app.notion.com/p/3982ec261aaf8182a178d28862c636f5
recreated: 02_categories/진로준비/notes/대학원/02.md -> https://app.notion.com/p/3982ec261aaf817fb4f1da9cc24c2b1a
recreated: 02_categories/진로준비/notes/프로젝트_아이디어/00.md -> https://app.notion.com/p/3982ec261aaf8154b26ccdc019cc6483
recreated: 02_categories/진로준비/notes/프로젝트_아이디어/02.qmd -> https://app.notion.com/p/Crypto-Payment-Service-3982ec261aaf8181bd29c96fd1c34669
recreated: 02_categories/진로준비/notes/프로젝트_아이디어/03.qmd -> https://app.notion.com/p/Crypto-Payment-Service-2-3982ec261aaf81e2b194e07c2d08418f
recreated: 03_archives/completed_project/adp_실기/notes/04.qmd -> https://app.notion.com/p/3982ec261aaf81899c26d62503e10670
recreated: 03_archives/completed_project/adp_실기/notes/05.qmd -> https://app.notion.com/p/3982ec261aaf81b096f1ffb0cdb47544
recreated: 03_archives/completed_project/adp_실기/notes/06.qmd -> https://app.notion.com/p/3982ec261aaf816c85c0cd609fab0e4a
recreated: 03_archives/completed_project/adp_실기/notes/07.qmd -> https://app.notion.com/p/3982ec261aaf8123af36f0352453f52d
recreated: 03_archives/completed_project/adp_실기/notes/10.qmd -> https://app.notion.com/p/3982ec261aaf818c8cd3f39228b29d63
recreated: 03_archives/completed_project/adp_실기/notes/11.qmd -> https://app.notion.com/p/try-1-3982ec261aaf816c9119e7585932d51a
recreated: 03_archives/completed_project/adp_실기/notes/Nonparametric/00.qmd -> https://app.notion.com/p/intro-3982ec261aaf81c99d1fedabec601323
recreated: 03_archives/completed_project/adp_실기/notes/Nonparametric/01.qmd -> https://app.notion.com/p/3982ec261aaf818687b2df178af43e22
recreated: 03_archives/completed_project/adp_실기/notes/Nonparametric/03.qmd -> https://app.notion.com/p/3982ec261aaf81e39e7dfd1adcf5624b
recreated: 03_archives/completed_project/adp_실기/notes/bayse/00.qmd -> https://app.notion.com/p/3982ec261aaf812c8df2cf67e24b164d
recreated: 03_archives/completed_project/adp_실기/notes/bayse/01.qmd -> https://app.notion.com/p/3982ec261aaf81ad92e7ef7cd61b0a73
recreated: 03_archives/completed_project/adp_실기/notes/bayse/02.qmd -> https://app.notion.com/p/3982ec261aaf818db544eb2ca12884b0
recreated: 03_archives/completed_project/adp_실기/notes/bayse/03.qmd -> https://app.notion.com/p/3982ec261aaf81e6b34afdeb52c6d47a
recreated: 03_archives/completed_project/adp_실기/notes/bayse/04.qmd -> https://app.notion.com/p/3982ec261aaf81d3bba1dd07722bd1c7
recreated: 03_archives/completed_project/adp_실기/notes/bayse/05.qmd -> https://app.notion.com/p/3982ec261aaf81f38c5de6456b785b42
recreated: 03_archives/completed_project/adp_실기/notes/bayse/06.qmd -> https://app.notion.com/p/3982ec261aaf8121bbf6ffa5912fd31a
recreated: 03_archives/completed_project/adp_실기/notes/bayse/07.qmd -> https://app.notion.com/p/3982ec261aaf8185945cff62a4022c16
recreated: 03_archives/completed_project/adp_실기/notes/bayse/08.qmd -> https://app.notion.com/p/3982ec261aaf81098fd8ebce45a78df2
recreated: 03_archives/completed_project/adp_실기/notes/bayse/09.qmd -> https://app.notion.com/p/3982ec261aaf8198967cc3ccdd9cb8c5
recreated: 03_archives/completed_project/adp_실기/notes/bayse/13.qmd -> https://app.notion.com/p/3982ec261aaf81169b9dcb97e9b212d7
recreated: 03_archives/completed_project/adp_실기/notes/bayse/14.qmd -> https://app.notion.com/p/3982ec261aaf813dafb2c2fc5928ce31
recreated: 03_archives/completed_project/adp_실기/notes/bayse/15.qmd -> https://app.notion.com/p/3982ec261aaf81578598cdd4b2d11437
recreated: 03_archives/completed_project/adp_실기/notes/bayse/16.qmd -> https://app.notion.com/p/3982ec261aaf8155aa96c45984135ca6
recreated: 03_archives/completed_project/adp_실기/notes/bayse/17.qmd -> https://app.notion.com/p/3982ec261aaf8162b4c1ff1049dff988
recreated: 03_archives/completed_project/adp_실기/notes/bayse/18.qmd -> https://app.notion.com/p/MCMC-3982ec261aaf81b3b520ceb26275fc5f
recreated: 03_archives/completed_project/adp_실기/notes/core/00.qmd -> https://app.notion.com/p/EDA-3982ec261aaf819a991fd7e1a329cc1e
recreated: 03_archives/completed_project/adp_실기/notes/core/01.qmd -> https://app.notion.com/p/3982ec261aaf81808b04dcbf73402ec7
recreated: 03_archives/completed_project/adp_실기/notes/etc/00.qmd -> https://app.notion.com/p/Multidimensional-Scaling-3982ec261aaf8169ad6ac6ea91cab0c9
recreated: 03_archives/completed_project/adp_실기/notes/machine_learning/01.qmd -> https://app.notion.com/p/3982ec261aaf818f8d21f1ca1bc0987c
recreated: 03_archives/completed_project/adp_실기/notes/machine_learning/02.qmd -> https://app.notion.com/p/3982ec261aaf81bfbe69d07e95b55c0d
recreated: 03_archives/completed_project/adp_실기/notes/machine_learning/03.qmd -> https://app.notion.com/p/3982ec261aaf8124bb16c8c82391f277
recreated: 03_archives/completed_project/adp_실기/notes/machine_learning/04.qmd -> https://app.notion.com/p/3982ec261aaf81d2a109e624a105a6b4
recreated: 03_archives/completed_project/adp_실기/notes/machine_learning/05.qmd -> https://app.notion.com/p/3982ec261aaf811c8188ca17bda1661b
recreated: 03_archives/completed_project/adp_실기/notes/machine_learning/06.qmd -> https://app.notion.com/p/3982ec261aaf81c19baec6c8b237e74a
recreated: 03_archives/completed_project/adp_실기/notes/machine_learning/07.qmd -> https://app.notion.com/p/3982ec261aaf8104a3dfcdb5dfd2074c
recreated: 03_archives/completed_project/adp_실기/notes/machine_learning/08.qmd -> https://app.notion.com/p/20-3982ec261aaf814ab308e07e5abd4290
recreated: 03_archives/completed_project/adp_실기/notes/machine_learning/09.qmd -> https://app.notion.com/p/3982ec261aaf81e7bbe4e582787ad86e
recreated: 03_archives/completed_project/adp_실기/notes/statistics/00.qmd -> https://app.notion.com/p/EDA-3982ec261aaf8108bdc2f6026b261133
recreated: 03_archives/completed_project/adp_실기/notes/time_series/00.qmd -> https://app.notion.com/p/Overview-3982ec261aaf81dea9fbd2c0ea48ef18
recreated: 03_archives/completed_project/adp_실기/notes/time_series/01.qmd -> https://app.notion.com/p/3982ec261aaf811e891bcc7760f4e125
recreated: 03_archives/completed_project/adp_실기/notes/time_series/02.qmd -> https://app.notion.com/p/3982ec261aaf8103833ad7a172618d9f
recreated: 03_archives/completed_project/adp_실기/notes/time_series/03.qmd -> https://app.notion.com/p/3982ec261aaf8155a713c2962722bf3e
recreated: 03_archives/completed_project/adp_실기/notes/time_series/04.qmd -> https://app.notion.com/p/3982ec261aaf8137b0c0cb99e79b61d5
recreated: 03_archives/completed_project/adp_실기/notes/time_series/05.qmd -> https://app.notion.com/p/3982ec261aaf81599a41e2216bf87337
recreated: 03_archives/completed_project/adp_실기/notes/time_series/06.qmd -> https://app.notion.com/p/3982ec261aaf810ab1f7d33e76dd3eb8
recreated: 03_archives/completed_project/adp_실기/notes/time_series/07.qmd -> https://app.notion.com/p/3982ec261aaf811da909deeb37a6f94a
recreated: 03_archives/completed_project/adp_필기/notes/00.md -> https://app.notion.com/p/1-3982ec261aaf81d799a3f10c8bd3c6d2
recreated: 03_archives/completed_project/adp_필기/notes/01.md -> https://app.notion.com/p/1-3982ec261aaf81eb9e17c148a30ebfba
recreated: 03_archives/completed_project/adp_필기/notes/02.md -> https://app.notion.com/p/1-3982ec261aaf81c78820c8a5e4761d9e
recreated: 03_archives/completed_project/adp_필기/notes/03.md -> https://app.notion.com/p/2-3982ec261aaf813eadd0cd65f298f4cb
recreated: 03_archives/completed_project/adp_필기/notes/04.md -> https://app.notion.com/p/2-3982ec261aaf81ba8eaef49c14daffe5
recreated: 03_archives/completed_project/adp_필기/notes/05.md -> https://app.notion.com/p/3-3982ec261aaf81259768caaad1d375aa
recreated: 03_archives/completed_project/adp_필기/notes/06.md -> https://app.notion.com/p/3-3982ec261aaf814182b9eda68c90290b
recreated: 03_archives/completed_project/adp_필기/notes/09.md -> https://app.notion.com/p/4-3982ec261aaf814fad19e6f2991148c1
recreated: 03_archives/completed_project/adp_필기/notes/10.md -> https://app.notion.com/p/4-3982ec261aaf8167b19de0565e9fe723
recreated: 03_archives/completed_project/adp_필기/notes/11.md -> https://app.notion.com/p/4-3982ec261aaf814ebf59f2178148d18c
recreated: 03_archives/completed_project/adp_필기/notes/12.md -> https://app.notion.com/p/4-3982ec261aaf8123843ceaa89a1d54fa
recreated: 03_archives/completed_project/adp_필기/notes/13.md -> https://app.notion.com/p/5-3982ec261aaf81e98d98c523f4a31984
recreated: 03_archives/completed_project/adp_필기/notes/14.md -> https://app.notion.com/p/5-3982ec261aaf81739625d5258d828127
recreated: 03_archives/completed_project/adp_필기/notes/15.md -> https://app.notion.com/p/3982ec261aaf8173854ee3687fe644fb
recreated: 03_archives/completed_project/aws_saa/notes/02_ec2.md -> https://app.notion.com/p/02-ec2-3982ec261aaf8145a8e0d79547e853db
recreated: 03_archives/completed_project/aws_saa/notes/03_ebs.md -> https://app.notion.com/p/03-ebs-3982ec261aaf8185801bda9770ade939
recreated: 03_archives/completed_project/aws_saa/notes/04_elb_asg.md -> https://app.notion.com/p/ELB-3982ec261aaf81338779c9fbeaceef5f
recreated: 03_archives/completed_project/aws_saa/notes/05_RDS_aurora_elasticCache.md -> https://app.notion.com/p/Amazon-RDS-3982ec261aaf81e89df1fe102d110b7d
recreated: 03_archives/completed_project/aws_saa/notes/07_S3.md -> https://app.notion.com/p/07-S3-3982ec261aaf81ac8f42d35668bdb25a
recreated: 03_archives/completed_project/aws_saa/notes/08_cloudfront.md -> https://app.notion.com/p/08-cloudfront-3982ec261aaf81759387e23850c0dc1f
recreated: 03_archives/completed_project/aws_saa/notes/13_data_analytics.md -> https://app.notion.com/p/Amazon-Redshift-3982ec261aaf810f9394fadb90441a5c
recreated: 03_archives/completed_project/aws_saa/notes/14_machine_learning.md -> https://app.notion.com/p/Amazon-Rekognition-3982ec261aaf81cf988dca21a338cf74
recreated: 03_archives/completed_project/aws_saa/notes/15_monitoring.md -> https://app.notion.com/p/Amazon-CloudWatch-3982ec261aaf8143972ec8f9b4c78f4d
recreated: 03_archives/completed_project/aws_saa/notes/16_IAM.md -> https://app.notion.com/p/AWS-Organization-3982ec261aaf81de9be0d2c7e554684e
recreated: 03_archives/completed_project/aws_saa/notes/17_AWS_secure.md -> https://app.notion.com/p/17-AWS-secure-3982ec261aaf8196be28df1ba5da87b5
recreated: 03_archives/completed_project/aws_saa/notes/18_VPC.md -> https://app.notion.com/p/VPC-3982ec261aaf81c0a55af780b1432165
recreated: 03_archives/completed_project/bs_2_2/notes/bs_database/01-2.qmd -> https://app.notion.com/p/An-Overview-of-Database-3982ec261aaf819493dbdf8367e03a64
recreated: 03_archives/completed_project/bs_2_2/notes/bs_database/03.qmd -> https://app.notion.com/p/The-Relational-Model-3982ec261aaf8144a386e15fda3362f6
recreated: 03_archives/completed_project/bs_2_2/notes/bs_database/04-1.qmd -> https://app.notion.com/p/Database-Normalization-3982ec261aaf81b98251d68a20196b8b
recreated: 03_archives/completed_project/bs_2_2/notes/bs_database/04-2.qmd -> https://app.notion.com/p/SQL-3982ec261aaf81908368cde01705900b
recreated: 03_archives/completed_project/bs_2_2/notes/bs_database/07.qmd -> https://app.notion.com/p/Data-Modeling-and-the-Entity-Relationship-Model-3982ec261aaf81ae80ebe1eff2e83281
recreated: 03_archives/completed_project/bs_2_2/notes/bs_database/09.qmd -> https://app.notion.com/p/Database-Design-3982ec261aaf8174a9edc96c55cbf78f
recreated: 03_archives/completed_project/bs_2_2/notes/bs_database/11.qmd -> https://app.notion.com/p/Database-Administration-3982ec261aaf8126bdadc1dc816f2008
recreated: 03_archives/completed_project/bs_2_2/notes/bs_database/13.qmd -> https://app.notion.com/p/ASP-NET-3982ec261aaf8163b071ef29843f693b
recreated: 03_archives/completed_project/bs_2_2/notes/bs_database/work2.qmd -> https://app.notion.com/p/4-3982ec261aaf81118fc1e2c0ebc918ab
recreated: 03_archives/completed_project/bs_2_2/notes/bs_database/work4.qmd -> https://app.notion.com/p/SCM-3982ec261aaf814a81e2cbb93b21f71f
recreated: 03_archives/completed_project/bs_2_2/notes/bs_human/0_intro.qmd -> https://app.notion.com/p/Introduction-to-Human-Factors-3982ec261aaf81f6aefaf055ada79b8b
recreated: 03_archives/completed_project/bs_2_2/notes/bs_human/1_reaserch_method.qmd -> https://app.notion.com/p/Research-Method-in-Human-Factors-3982ec261aaf818f9123c0f2c1d6b9f5
recreated: 03_archives/completed_project/bs_2_2/notes/bs_human/2_human_information_processing_model.qmd -> https://app.notion.com/p/Human-Information-Processing-Model-3982ec261aaf81d6b45ac359d31e3345
recreated: 03_archives/completed_project/bs_2_2/notes/bs_human/3_sensory_system.qmd -> https://app.notion.com/p/Sensor-System-Visual-3982ec261aaf81228ff7d68a3965b256
recreated: 03_archives/completed_project/bs_2_2/notes/bs_human/4_Auditory_Haptic.qmd -> https://app.notion.com/p/Auditory-Haptic-3982ec261aaf81898a7dfe0519d92678
recreated: 03_archives/completed_project/bs_2_2/notes/bs_human/5_signal_detction.qmd -> https://app.notion.com/p/Signal-Detection-Theory-3982ec261aaf81cebf41f5d19d71942a
recreated: 03_archives/completed_project/bs_2_2/notes/bs_human/6_attention.qmd -> https://app.notion.com/p/Attention-3982ec261aaf81bbba5ce2fe3489f7bc
recreated: 03_archives/completed_project/bs_2_2/notes/bs_human/7_display.qmd -> https://app.notion.com/p/Display-3982ec261aaf81edbb98e92794dafeaa
recreated: 03_archives/completed_project/bs_2_2/notes/bs_human/8_control.qmd -> https://app.notion.com/p/Control-3982ec261aaf81759da6e524bb62b4c1
recreated: 03_archives/completed_project/bs_2_2/notes/bs_human/인간공학-보고서-초안.qmd -> https://app.notion.com/p/UI-3982ec261aaf8116bc0ed7d6c867db87
recreated: 03_archives/completed_project/bs_2_2/notes/bs_statistics/1-통계학의-개념.qmd -> https://app.notion.com/p/3982ec261aaf81f39150df04f0fb6640
recreated: 03_archives/completed_project/bs_2_2/notes/bs_statistics/2-확률변수와-분포.qmd -> https://app.notion.com/p/3982ec261aaf8118aa70fe788306d3f0
recreated: 03_archives/completed_project/bs_2_2/notes/bs_statistics/3-확률변수의-기댓값.qmd -> https://app.notion.com/p/3982ec261aaf8158b322fc631e92ba6a
recreated: 03_archives/completed_project/bs_2_2/notes/bs_statistics/4-이산형 확률분포.qmd -> https://app.notion.com/p/3982ec261aaf81aa81b5de9ae5ca9252
recreated: 03_archives/completed_project/bs_2_2/notes/bs_statistics/5-연속형-확률분포.qmd -> https://app.notion.com/p/3982ec261aaf8136884bd33bde13faba
recreated: 03_archives/completed_project/bs_2_2/notes/bs_statistics/6-정규분포.qmd -> https://app.notion.com/p/3982ec261aaf819397dcecd9af01c742
recreated: 03_archives/completed_project/bs_2_2/notes/bs_statistics/7-표본의-분포.qmd -> https://app.notion.com/p/3982ec261aaf81f2af15ed7d074368f6
recreated: 03_archives/completed_project/bs_2_2/notes/bs_statistics/8-central-limit-theorem.qmd -> https://app.notion.com/p/3982ec261aaf8166a530ff8fb52dae43
recreated: 03_archives/completed_project/bs_3_1/notes/00.md -> https://app.notion.com/p/3-1-3982ec261aaf81d2b92dfceb8a7e37e0
recreated: 03_archives/completed_project/bs_3_1/notes/OR/01.qmd -> https://app.notion.com/p/Simplex-3982ec261aaf81abb893e826bdd59d77
recreated: 03_archives/completed_project/bs_3_1/notes/OR/02.qmd -> https://app.notion.com/p/Intro-3982ec261aaf81a9bbe2defb679f49db
recreated: 03_archives/completed_project/bs_3_1/notes/OR/03.md -> https://app.notion.com/p/Linear-Programming-Algorithm-3982ec261aaf81769c6af5eac5f23dfd
recreated: 03_archives/completed_project/bs_3_1/notes/OR/04.md -> https://app.notion.com/p/Simplex-Method-part-5-3982ec261aaf818c91b5d68e432603b6
recreated: 03_archives/completed_project/bs_3_1/notes/OR/05.md -> https://app.notion.com/p/part-6-3982ec261aaf81788ae3c25c5da6f6ff
recreated: 03_archives/completed_project/bs_3_1/notes/OR/06.qmd -> https://app.notion.com/p/OR-1-3982ec261aaf81fea746c9fd39b33957
recreated: 03_archives/completed_project/bs_3_1/notes/OR/07.qmd -> https://app.notion.com/p/OR-2-3982ec261aaf81b99e52ffec4a220fed
recreated: 03_archives/completed_project/bs_3_1/notes/OR/08.qmd -> https://app.notion.com/p/OR-3-3982ec261aaf8184862ed87eb7b1bfb5
recreated: 03_archives/completed_project/bs_3_1/notes/OR/09.qmd -> https://app.notion.com/p/OR-4-3982ec261aaf8179bf6fc4d5b3b10515
recreated: 03_archives/completed_project/bs_3_1/notes/OR/10.md -> https://app.notion.com/p/3982ec261aaf812bb9aef9d01218e0ae
recreated: 03_archives/completed_project/bs_3_1/notes/OR/11.md -> https://app.notion.com/p/3982ec261aaf819d8838e58e43b4b3ad
recreated: 03_archives/completed_project/bs_3_1/notes/OR/12.qmd -> https://app.notion.com/p/OR-6-3982ec261aaf8121bfb3ceac39db6910
recreated: 03_archives/completed_project/bs_3_1/notes/OR/14.md -> https://app.notion.com/p/3982ec261aaf81bbace0e7a003902641
recreated: 03_archives/completed_project/bs_3_1/notes/OR/15.md -> https://app.notion.com/p/3982ec261aaf81179d93e072610d984c
recreated: 03_archives/completed_project/bs_3_1/notes/OR/16.md -> https://app.notion.com/p/3982ec261aaf81cf8de4f24ab1a4010a
recreated: 03_archives/completed_project/bs_3_1/notes/data_mining/01.md -> https://app.notion.com/p/3982ec261aaf818fb45adf7abdb9ad79
recreated: 03_archives/completed_project/bs_3_1/notes/data_mining/02.md -> https://app.notion.com/p/3982ec261aaf81449da3c18e092a95e6
recreated: 03_archives/completed_project/bs_3_1/notes/data_mining/03.md -> https://app.notion.com/p/random-forest-3982ec261aaf81d9ac5ffdfbdc8d9ac4
recreated: 03_archives/completed_project/bs_3_1/notes/data_mining/04.md -> https://app.notion.com/p/Support-vector-machine-3982ec261aaf817ea501dfe4badbaaae
recreated: 03_archives/completed_project/bs_3_1/notes/data_mining/05.md -> https://app.notion.com/p/association-rule-mining-3982ec261aaf81d0957ff1197b5258e7
recreated: 03_archives/completed_project/bs_3_1/notes/data_mining/06.md -> https://app.notion.com/p/clustering-3982ec261aaf81528bfdeaf87a7a58ac
recreated: 03_archives/completed_project/bs_3_1/notes/data_mining/07.md -> https://app.notion.com/p/ensemble-3982ec261aaf819a9655d45eeaf549f3
recreated: 03_archives/completed_project/bs_3_1/notes/data_mining/08.md -> https://app.notion.com/p/XGBoost-3982ec261aaf816d9fead0ffa5c502f9
recreated: 03_archives/completed_project/bs_3_1/notes/data_mining/11.qmd -> https://app.notion.com/p/1-script-3982ec261aaf814d91c6fd956ce28fdd
recreated: 03_archives/completed_project/bs_3_1/notes/data_mining/13.qmd -> https://app.notion.com/p/classification-with-trees-3982ec261aaf81dcbb1bc922f3e44351
recreated: 03_archives/completed_project/bs_3_1/notes/data_mining/14.qmd -> https://app.notion.com/p/preprocessing-3982ec261aaf81b4a618dff070c165d4
recreated: 03_archives/completed_project/bs_3_1/notes/data_mining/15.qmd -> https://app.notion.com/p/analysis-3982ec261aaf81c3a2c2fde65fa0fb5b
recreated: 03_archives/completed_project/bs_3_1/notes/data_mining/16.qmd -> https://app.notion.com/p/3982ec261aaf81db9264e36a6fd8b6c3
recreated: 03_archives/completed_project/bs_3_1/notes/dsa/00.qmd -> https://app.notion.com/p/3982ec261aaf81e9b6e1e9fbc236846e
recreated: 03_archives/completed_project/bs_3_1/notes/dsa/01.md -> https://app.notion.com/p/3982ec261aaf8156b405d64535c58547
recreated: 03_archives/completed_project/bs_3_1/notes/others/1.md -> https://app.notion.com/p/3982ec261aaf81609d66ee32307861cd
recreated: 03_archives/completed_project/bs_3_1/notes/others/2.md -> https://app.notion.com/p/3982ec261aaf81689fb3ff5b6ab3e647
recreated: 03_archives/completed_project/bs_3_1/notes/product/00.md -> https://app.notion.com/p/Intro-3982ec261aaf81ba9e27e7da6f844ed6
recreated: 03_archives/completed_project/bs_3_1/notes/product/01.md -> https://app.notion.com/p/Matching-Supply-with-Demand-3982ec261aaf81c68c07cc2380a22201
recreated: 03_archives/completed_project/bs_3_1/notes/product/02.md -> https://app.notion.com/p/3982ec261aaf816dbfdae33b859214f6
recreated: 03_archives/completed_project/bs_3_1/notes/product/03.md -> https://app.notion.com/p/3982ec261aaf814e955fdb576ab0535a
recreated: 03_archives/completed_project/bs_3_1/notes/product/04.md -> https://app.notion.com/p/3982ec261aaf8168a135d4187aaffcb4
recreated: 03_archives/completed_project/bs_3_1/notes/product/05.md -> https://app.notion.com/p/3982ec261aaf8194926accada77b59bd
recreated: 03_archives/completed_project/bs_3_1/notes/product/06.md -> https://app.notion.com/p/3982ec261aaf81efb42efa9dffbe5de5
recreated: 03_archives/completed_project/bs_3_1/notes/product/07.md -> https://app.notion.com/p/3982ec261aaf818b9359d16699864919
recreated: 03_archives/completed_project/bs_3_1/notes/product/08.md -> https://app.notion.com/p/3982ec261aaf81caad1efe735513a5f7
recreated: 03_archives/completed_project/bs_3_1/notes/product/09.md -> https://app.notion.com/p/3982ec261aaf8100adcfe831ba79d866
recreated: 03_archives/completed_project/bs_3_1/notes/product/10.md -> https://app.notion.com/p/3982ec261aaf81b5aed1fc8e54bd8b75
recreated: 03_archives/completed_project/bs_3_1/notes/product/11.md -> https://app.notion.com/p/3982ec261aaf817c9e4acecb535ad384
recreated: 03_archives/completed_project/bs_3_1/notes/product/12.md -> https://app.notion.com/p/3982ec261aaf81d1b238ec9e312db372
recreated: 03_archives/completed_project/bs_3_1/notes/product/13.md -> https://app.notion.com/p/3982ec261aaf810a809fe7984d658e1a
recreated: 03_archives/completed_project/bs_3_1/notes/statistics/00.md -> https://app.notion.com/p/1-3982ec261aaf810fa295e4bc84e3f14f
recreated: 03_archives/completed_project/bs_3_1/notes/statistics/01.md -> https://app.notion.com/p/3982ec261aaf8101948ce6492bc42d17
recreated: 03_archives/completed_project/bs_3_1/notes/statistics/02.md -> https://app.notion.com/p/3982ec261aaf81358c32f61fe65fddc6
recreated: 03_archives/completed_project/bs_3_1/notes/statistics/03.md -> https://app.notion.com/p/ANOVA-3982ec261aaf81d19d61e840e372b6f4
recreated: 03_archives/completed_project/bs_3_1/notes/statistics/04.md -> https://app.notion.com/p/Regression-Analysis-3982ec261aaf81b0a837c01fbfc39cb6
recreated: 03_archives/completed_project/bs_3_1/notes/statistics/05.md -> https://app.notion.com/p/Analysis-of-categorical-data-3982ec261aaf8128a587c71ef52b186e
recreated: 03_archives/completed_project/bs_3_1/notes/statistics/06.qmd -> https://app.notion.com/p/R-3982ec261aaf81598af6f5112528b53e
recreated: 03_archives/completed_project/bs_3_2/notes/00.md -> https://app.notion.com/p/3-2-3982ec261aaf81f3a8a5ebdc0dd04554
recreated: 03_archives/completed_project/bs_3_2/notes/cte/00.md -> https://app.notion.com/p/Could-Quantum-Computing-be-the-Next-Paradigm-Shift-Soon-3982ec261aaf81889ffce7eb26e3397e
recreated: 03_archives/completed_project/bs_3_2/notes/공급사슬관리/01.md -> https://app.notion.com/p/SCM-3982ec261aaf811e80d7e391c587beca
recreated: 03_archives/completed_project/bs_3_2/notes/공급사슬관리/02.md -> https://app.notion.com/p/3982ec261aaf811fb4f2ea22068db6f1
recreated: 03_archives/completed_project/bs_3_2/notes/공급사슬관리/03.md -> https://app.notion.com/p/S-OP-Sales-and-Operations-Planning-3982ec261aaf811684cded296b0c7ff2
recreated: 03_archives/completed_project/bs_3_2/notes/공급사슬관리/04.md -> https://app.notion.com/p/3982ec261aaf81c39baec5129d3e35ed
recreated: 03_archives/completed_project/bs_3_2/notes/공급사슬관리/05.md -> https://app.notion.com/p/2-3982ec261aaf812eb7f3e748c0c972a4
recreated: 03_archives/completed_project/bs_3_2/notes/공급사슬관리/06.md -> https://app.notion.com/p/3982ec261aaf819a926bf233b9140aec
recreated: 03_archives/completed_project/bs_3_2/notes/공급사슬관리/07.md -> https://app.notion.com/p/3982ec261aaf81169b2fc12aad47c211
recreated: 03_archives/completed_project/bs_3_2/notes/공급사슬관리/08.md -> https://app.notion.com/p/3982ec261aaf811487ddf5e568613ba5
recreated: 03_archives/completed_project/bs_3_2/notes/공급사슬관리/09.md -> https://app.notion.com/p/3982ec261aaf81fc9ed3c3c3948ead9b
recreated: 03_archives/completed_project/bs_3_2/notes/공급사슬관리/10.md -> https://app.notion.com/p/SCM-3982ec261aaf81a2977cebb71d10d7fd
recreated: 03_archives/completed_project/bs_3_2/notes/기공수/00.qmd -> https://app.notion.com/p/3982ec261aaf81cdb3e3e640df77f0ab
recreated: 03_archives/completed_project/bs_3_2/notes/기공수/01.qmd -> https://app.notion.com/p/3982ec261aaf81a28a1fcea55246bbd7
recreated: 03_archives/completed_project/bs_3_2/notes/기공수/02.qmd -> https://app.notion.com/p/3982ec261aaf810d81f1ee1973866b5c
recreated: 03_archives/completed_project/bs_3_2/notes/시뮬레이션/00.qmd -> https://app.notion.com/p/Intro-3982ec261aaf81689cb8cd81a89c2b47
recreated: 03_archives/completed_project/bs_3_2/notes/시뮬레이션/01.qmd -> https://app.notion.com/p/cheat-seet-3982ec261aaf816d9d81e26b7e2c827d
recreated: 03_archives/completed_project/bs_3_2/notes/시뮬레이션/02.qmd -> https://app.notion.com/p/cheat-seet-3982ec261aaf8147a7c3f0c38c6274c1
recreated: 03_archives/completed_project/bs_3_2/notes/시뮬레이션/03.qmd -> https://app.notion.com/p/3982ec261aaf814ba02ff67d70191fb2
recreated: 03_archives/completed_project/bs_3_2/notes/신재생에너지/00.md -> https://app.notion.com/p/3982ec261aaf810b9597f65f4bb40edc
recreated: 03_archives/completed_project/bs_3_2/notes/품질경영/01.md -> https://app.notion.com/p/3982ec261aaf8150bdc0f4d949d95683
recreated: 03_archives/completed_project/bs_3_2/notes/품질경영/02.md -> https://app.notion.com/p/3982ec261aaf81af8517c22d5fbbf1fb
recreated: 03_archives/completed_project/bs_3_2/notes/품질경영/03.md -> https://app.notion.com/p/3982ec261aaf81b6b9dfe2c30509e7c7
recreated: 03_archives/completed_project/bs_3_2/notes/품질경영/04.md -> https://app.notion.com/p/3982ec261aaf818eb476c963461ab2b1
recreated: 03_archives/completed_project/bs_3_2/notes/품질경영/05.md -> https://app.notion.com/p/3982ec261aaf818ba8b7daceab0a5345
recreated: 03_archives/completed_project/bs_3_2/notes/프로세스경영/01.md -> https://app.notion.com/p/3982ec261aaf8119867fca25eedff2cc
recreated: 03_archives/completed_project/bs_3_2/notes/프로세스경영/02.md -> https://app.notion.com/p/BPM-3982ec261aaf8123bc35edf57523176d
recreated: 03_archives/completed_project/bs_3_2/notes/프로세스경영/03.md -> https://app.notion.com/p/3982ec261aaf813787a5eb401395e845
recreated: 03_archives/completed_project/bs_3_2/notes/프로세스경영/04.md -> https://app.notion.com/p/BPM-3982ec261aaf811f9d7ec8229d85946e
recreated: 03_archives/completed_project/bs_3_2/notes/프로세스경영/05.md -> https://app.notion.com/p/WS-BPEL-3982ec261aaf811184dad0cf071d41e1
recreated: 03_archives/completed_project/bs_3_2/notes/프로세스경영/06.md -> https://app.notion.com/p/BPMN-3982ec261aaf81d3ad2df85d8b2b2366
recreated: 03_archives/completed_project/bs_3_2/notes/프로세스경영/07.md -> https://app.notion.com/p/DMN-3982ec261aaf81afbfa1ea407d564f54
recreated: 03_archives/completed_project/bs_3_2/notes/프로세스경영/08.md -> https://app.notion.com/p/BPM-Suite-3982ec261aaf81ad8623dec5773e098c
recreated: 03_archives/completed_project/bs_3_2/notes/프로세스경영/09.md -> https://app.notion.com/p/Process-mining-3982ec261aaf812d9322dfa3b08ad073
recreated: 03_archives/completed_project/bs_3_2/notes/프로세스경영/12.qmd -> https://app.notion.com/p/5-3982ec261aaf814b86e4c8aca7b3493d
recreated: 03_archives/completed_project/opic/notes/00.md -> https://app.notion.com/p/3982ec261aaf81e0851fe76550a6b266
recreated: 03_archives/completed_project/opic/notes/01.md -> https://app.notion.com/p/script-3982ec261aaf8174915cc90e7d54ff33
recreated: 03_archives/completed_project/opic/notes/02.md -> https://app.notion.com/p/Tips-3982ec261aaf8103b4a6cccb5bb7d6a8
recreated: 03_archives/completed_project/opic/notes/03.md -> https://app.notion.com/p/3982ec261aaf8159a6badfb72598174f
recreated: 03_archives/completed_project/opic/notes/04.md -> https://app.notion.com/p/script-3982ec261aaf8103a8adfa79c30e4c7f
recreated: 03_archives/completed_project/sqld/notes/00.md -> https://app.notion.com/p/3982ec261aaf81cabfa6c0faadc11f0f
recreated: 03_archives/completed_project/sqld/notes/01.md -> https://app.notion.com/p/SQL-3982ec261aaf81989aa0c70695b59eed
recreated: 03_archives/completed_project/toeic_speaking/notes/00.md -> https://app.notion.com/p/3982ec261aaf8120ac57ecfb106da188
recreated: 03_archives/completed_project/토익/notes/00.md -> https://app.notion.com/p/Toeic-3982ec261aaf8168866bfbdfb7e90d3d
recreated: 03_archives/stored_categories/air_flow/notes/00.qmd -> https://app.notion.com/p/Getting-Started-3982ec261aaf81f0bb76cf9b7c792b7c
recreated: 03_archives/stored_categories/air_flow/notes/01.qmd -> https://app.notion.com/p/Coding-pipeline-3982ec261aaf81f58de6fbf524bd7498
recreated: 03_archives/stored_categories/blog/notes/0.md -> https://app.notion.com/p/PARA-Blog-3982ec261aaf81178fafced2fa134d4f
recreated: 03_archives/stored_categories/blog/notes/1.md -> https://app.notion.com/p/Second-Brain-3982ec261aaf8103916bf75beef1a7ca
recreated: 03_archives/stored_categories/blog/notes/2.md -> https://app.notion.com/p/PARA-3982ec261aaf811aacb5d4640cec297d
recreated: 03_archives/stored_categories/hadoop/notes/00.md -> https://app.notion.com/p/Hadoop-Ecosystem-3982ec261aaf8179add6dfe90b5d223b
recreated: 03_archives/stored_categories/helm/notes/00.qmd -> https://app.notion.com/p/3982ec261aaf81788327cdff316eb12d
recreated: 03_archives/stored_categories/k8s/notes/0_core_concept.md -> https://app.notion.com/p/k8s-cluster-architecture-3982ec261aaf813f86e1c2e3b32bab99
recreated: 03_archives/stored_categories/k8s/notes/1_scheduler.md -> https://app.notion.com/p/1-scheduler-3982ec261aaf81009b58ec48fb0b7f18
recreated: 03_archives/stored_categories/k8s/notes/3_cluster_maintainance.md -> https://app.notion.com/p/3-cluster-maintainance-3982ec261aaf8128875ef6d8b851a710
recreated: 03_archives/stored_categories/k8s/notes/4_security.md -> https://app.notion.com/p/4-security-3982ec261aaf810d8399cba99947624e
recreated: 03_archives/stored_categories/k8s/notes/6_network.md -> https://app.notion.com/p/6-network-3982ec261aaf815aa221c228d6b3e967
recreated: 03_archives/stored_categories/kaggle/notes/titanic/00.qmd -> https://app.notion.com/p/titanic-3982ec261aaf816ea58dccf1ab922fdc
recreated: 03_archives/stored_categories/machine_learning/notes/00.md -> https://app.notion.com/p/overview-3982ec261aaf81918d0eef09ec084b32
recreated: 03_archives/stored_categories/machine_learning/notes/01.qmd -> https://app.notion.com/p/data-preprocessing-3982ec261aaf81dea887eacad49e489d
recreated: 03_archives/stored_categories/machine_learning/notes/02.qmd -> https://app.notion.com/p/Simple-Linear-Regression-3982ec261aaf810ba2f5cf9d1544c9a7
recreated: 03_archives/stored_categories/machine_learning/notes/03.qmd -> https://app.notion.com/p/Multiple-Linear-Regression-3982ec261aaf815faa38ec7934f629e8
recreated: 03_archives/stored_categories/machine_learning/notes/04.qmd -> https://app.notion.com/p/Polynorminal-Linear-Regression-3982ec261aaf81f186f9dd3e664bd4ff
recreated: 03_archives/stored_categories/machine_learning/notes/05.qmd -> https://app.notion.com/p/Support-Vector-Regression-3982ec261aaf81ddacfdf437ed3dbb11
recreated: 03_archives/stored_categories/machine_learning/notes/06.qmd -> https://app.notion.com/p/Decision-Tree-Regression-3982ec261aaf81a68dbce838d3d57d04
recreated: 03_archives/stored_categories/machine_learning/notes/07.qmd -> https://app.notion.com/p/random-forest-3982ec261aaf814b848bf861df02afab
recreated: 03_archives/stored_categories/machine_learning/notes/08.qmd -> https://app.notion.com/p/Logistic-Regression-3982ec261aaf81b9a4bce76a9ad22045
recreated: 03_archives/stored_categories/machine_learning/notes/09.qmd -> https://app.notion.com/p/K-Nearest-Neighbors-3982ec261aaf81f79c0ef72f497f15f7
recreated: 03_archives/stored_categories/machine_learning/notes/10.qmd -> https://app.notion.com/p/Support-Vector-Machine-3982ec261aaf81fe8df0e3b243639124
recreated: 03_archives/stored_categories/machine_learning/notes/11.qmd -> https://app.notion.com/p/Naive-Bayes-3982ec261aaf8186aef5dbe73fae773e
recreated: 03_archives/stored_categories/machine_learning/notes/12.qmd -> https://app.notion.com/p/Decision-Tree-Classification-3982ec261aaf81f58db9db961d91ca1e
recreated: 03_archives/stored_categories/machine_learning/notes/13.qmd -> https://app.notion.com/p/Random-Forest-3982ec261aaf81e589eaf1600410632c
recreated: 03_archives/stored_categories/machine_learning/notes/14.qmd -> https://app.notion.com/p/k-means-clustering-3982ec261aaf81518a09cac5796caeeb
recreated: 03_archives/stored_categories/machine_learning/notes/15.qmd -> https://app.notion.com/p/hierarchical-clustering-3982ec261aaf8134aa30c31fdb960fa5
recreated: 03_archives/stored_categories/machine_learning/notes/16.qmd -> https://app.notion.com/p/Apriori-3982ec261aaf81e29f22e13dbd3f6d91
recreated: 03_archives/stored_categories/machine_learning/notes/17.qmd -> https://app.notion.com/p/Eclat-3982ec261aaf816581f1eb6414311316
recreated: 03_archives/stored_categories/machine_learning/notes/18.qmd -> https://app.notion.com/p/Upper-Confidence-Bound-3982ec261aaf81a4a392fe686656567b
recreated: 03_archives/stored_categories/ros/notes/00.md -> https://app.notion.com/p/Basic-3982ec261aaf81b0bba7c543fe31995d
recreated: 03_archives/stored_categories/rust/notes/00.md -> https://app.notion.com/p/basic-3982ec261aaf815f974de3d6254f529c
recreated: 03_archives/stored_categories/terraform/notes/tfc/00.md -> https://app.notion.com/p/Terraform-Cloud-3982ec261aaf81ddb6acd7541c77089e
recreated: 03_archives/stored_categories/금융/notes/00.md -> https://app.notion.com/p/3982ec261aaf81fcbbf4cbe74744768d
recreated: 03_archives/stored_categories/독서/notes/01.md -> https://app.notion.com/p/3982ec261aaf81e78e9cdda56160703c
recreated: 03_archives/stored_categories/선형대수/notes/00.md -> https://app.notion.com/p/what-is-linear-algebra-3982ec261aaf81208ff2fc79c6c53ca7
recreated: 03_archives/stored_categories/선형대수/notes/01.qmd -> https://app.notion.com/p/2-1-3982ec261aaf815097acdbf66d9ef617
recreated: 03_archives/stored_categories/선형대수/notes/02.qmd -> https://app.notion.com/p/2-2-3982ec261aaf815e9590ebaef7cc2a25
recreated: 03_archives/stored_categories/선형대수/notes/03.md -> https://app.notion.com/p/3-3982ec261aaf8153af84ecd176c3cf1f
recreated: 03_archives/stored_categories/선형대수/notes/04.qmd -> https://app.notion.com/p/3982ec261aaf8180a12dde6925eea629
recreated: 03_archives/stored_categories/선형대수/notes/05.qmd -> https://app.notion.com/p/3982ec261aaf81bbb95fdb5f80974d85
recreated: 03_archives/stored_categories/선형대수/notes/06.md -> https://app.notion.com/p/linear-independence-3982ec261aaf81ce929bce23e93ae3ad
recreated: 03_archives/stored_categories/선형대수/notes/07.md -> https://app.notion.com/p/Subspaces-and-the-basis-3982ec261aaf8125a471fbce23efbaf9
recreated: 03_archives/stored_categories/선형대수/notes/08.md -> https://app.notion.com/p/vector-dot-product-cross-product-3982ec261aaf8164b086cb404ad133e0
recreated: 03_archives/stored_categories/선형대수/notes/09.md -> https://app.notion.com/p/3982ec261aaf8137add9ea9d31e6ec3d
recreated: 03_archives/stored_categories/선형대수/notes/10.md -> https://app.notion.com/p/Null-space-and-Column-space-3982ec261aaf81349831fc19021bfe00
recreated: 03_archives/stored_categories/선형대수/notes/11.md -> https://app.notion.com/p/linear-transformations-3982ec261aaf816e9a94c1ae506f5dc1
recreated: 03_archives/stored_categories/선형대수/notes/12.md -> https://app.notion.com/p/3982ec261aaf815e93bcf590ad5f50be
recreated: 03_archives/stored_categories/선형대수/notes/13.md -> https://app.notion.com/p/3982ec261aaf813293efe0a6f47e8128
done imported=310 skipped=0 failed=0 manifest=/home/cryscham123/my_blog/notion_import_manifest.json
