recreated: 01_projects/bs_4_1/notes/ai/01.qmd -> https://app.notion.com/p/cheat-seet-3982ec261aaf8147b3f4c493594df468
recreated: 01_projects/bs_4_1/notes/ai/02.qmd -> https://app.notion.com/p/cheat-seet-3982ec261aaf814f8009c0d6db8da6e5
recreated: 01_projects/bs_4_1/notes/전공종합설계/00.qmd -> https://app.notion.com/p/Team-5-3982ec261aaf818db133f54e78bc61bc
recreated: 02_categories/진로준비/notes/프로젝트_아이디어/01.qmd -> https://app.notion.com/p/ai-agent-3982ec261aaf81798831ec19f3b85fe3
recreated: 02_categories/진로준비/notes/프로젝트_아이디어/02.qmd -> https://app.notion.com/p/Crypto-Payment-Service-3982ec261aaf81048c41c01baf565386
recreated: 02_categories/진로준비/notes/프로젝트_아이디어/03.qmd -> https://app.notion.com/p/Crypto-Payment-Service-2-3982ec261aaf813db300e51438161cdd
recreated: 03_archives/completed_project/bs_2_2/notes/bs_database/work1.qmd -> https://app.notion.com/p/2-3982ec261aaf811c84f8c466218b4b9c
recreated: 03_archives/completed_project/bs_2_2/notes/bs_database/work2.qmd -> https://app.notion.com/p/4-3982ec261aaf81db8f43f4dce4f0a4d2
recreated: 03_archives/completed_project/bs_2_2/notes/bs_database/work4.qmd -> https://app.notion.com/p/SCM-3982ec261aaf81a8845ed515b7ac9753
recreated: 03_archives/completed_project/bs_2_2/notes/bs_human/인간공학-보고서-초안.qmd -> https://app.notion.com/p/UI-3982ec261aaf8191876ddc23ace1baf0
recreated: 03_archives/completed_project/bs_3_1/notes/OR/06.qmd -> https://app.notion.com/p/OR-1-3982ec261aaf817e82d7c5a3c73d36ca
recreated: 03_archives/completed_project/bs_3_1/notes/OR/07.qmd -> https://app.notion.com/p/OR-2-3982ec261aaf81138e95df0f5ee682e0
recreated: 03_archives/completed_project/bs_3_1/notes/OR/08.qmd -> https://app.notion.com/p/OR-3-3982ec261aaf813db79bd43798604dc8
recreated: 03_archives/completed_project/bs_3_1/notes/OR/09.qmd -> https://app.notion.com/p/OR-4-3982ec261aaf81bbb89ec38c3904cf5a
recreated: 03_archives/completed_project/bs_3_1/notes/OR/12.qmd -> https://app.notion.com/p/OR-6-3982ec261aaf814485eac1943362a8e8
recreated: 03_archives/completed_project/bs_3_1/notes/computer/01.qmd -> https://app.notion.com/p/1-raw-script-3982ec261aaf81c9bdffd7fef056c74c
recreated: 03_archives/completed_project/bs_3_1/notes/data_mining/11.qmd -> https://app.notion.com/p/1-script-3982ec261aaf818c99d5dae6e3f26fd9
recreated: 03_archives/completed_project/bs_3_1/notes/data_mining/16.qmd -> https://app.notion.com/p/3982ec261aaf81aa93d3e4cce931c65a
recreated: 03_archives/completed_project/bs_3_2/notes/시뮬레이션/01.qmd -> https://app.notion.com/p/cheat-seet-3982ec261aaf81ca96b6e36228bbc17e
recreated: 03_archives/completed_project/bs_3_2/notes/시뮬레이션/02.qmd -> https://app.notion.com/p/cheat-seet-3982ec261aaf81fd84adec01a523510d
recreated: 03_archives/completed_project/bs_3_2/notes/프로세스경영/11.qmd -> https://app.notion.com/p/3982ec261aaf819b9bdbeb4baa76d78f
recreated: 03_archives/completed_project/bs_3_2/notes/프로세스경영/12.qmd -> https://app.notion.com/p/5-3982ec261aaf81ca998bdfdbffda2ccf
recreated: 03_archives/completed_project/bs_3_2/notes/프로세스경영/13.qmd -> https://app.notion.com/p/Automation-3982ec261aaf818eb9e1f3369f2dcdce
done imported=23 skipped=0 failed=0 manifest=/home/cryscham123/my_blog/notion_import_manifest.json
