recreated: 01_projects/bs_4_1/notes/ai/01.qmd -> https://app.notion.com/p/cheat-seet-3982ec261aaf817e86a5cf445c4ab14a
recreated: 01_projects/bs_4_1/notes/ai/02.qmd -> https://app.notion.com/p/cheat-seet-3982ec261aaf81aba193fc619d0e6428
recreated: 01_projects/bs_4_1/notes/데이터_애널리틱스/2026-04-11_support-vector-machines.qmd -> https://app.notion.com/p/Lecture-13-Support-Vector-Machines-3982ec261aaf815baaacf168a1145fc2
recreated: 01_projects/bs_4_1/notes/데이터_애널리틱스/2026-04-23_14-svm-practice.qmd -> https://app.notion.com/p/Lecture-14-SVM-R-3982ec261aaf8151b67ff981246910cf
recreated: 01_projects/bs_4_1/notes/데이터_애널리틱스/2026-04-23_15-decision-trees.qmd -> https://app.notion.com/p/Lecture-15-Decision-Trees-3982ec261aaf812ea856c1258aa8c370
recreated: 01_projects/bs_4_1/notes/데이터_애널리틱스/2026-04-28_16-decision-trees-practice.qmd -> https://app.notion.com/p/Lecture-16-R-3982ec261aaf810890f2c172ee140e4a
recreated: 01_projects/bs_4_1/notes/데이터_애널리틱스/2026-04-30_17-ensemble-methods.qmd -> https://app.notion.com/p/Lecture-17-Ensemble-Methods-3982ec261aaf8121b0e2e41da978b9b6
recreated: 01_projects/bs_4_1/notes/데이터_애널리틱스/2026-05-07_18-ensemble-methods-practice.qmd -> https://app.notion.com/p/Lecture-18-Random-Forest-Boosting-R-3982ec261aaf81b591dfe9311ba105b7
recreated: 01_projects/bs_4_1/notes/데이터_애널리틱스/2026-05-12_20-neural-networks.qmd -> https://app.notion.com/p/Lecture-20-Neural-Networks-3982ec261aaf8111ae80c3118253103b
recreated: 01_projects/bs_4_1/notes/데이터_애널리틱스/2026-05-14_21-deep-neural-networks.qmd -> https://app.notion.com/p/Lecture-21-Deep-Neural-Networks-Training-Regularization-3982ec261aaf81b58bebd1f76532c044
recreated: 01_projects/bs_4_1/notes/데이터_애널리틱스/2026-05-21_22-image-representation-learning.qmd -> https://app.notion.com/p/Lecture-22-CNN-Applications-Representation-Learning-3982ec261aaf81f09a82d4108f09ae26
recreated: 01_projects/bs_4_1/notes/데이터_애널리틱스/2026-05-26_23-recommender-systems.qmd -> https://app.notion.com/p/Lecture-23-Recommender-Systems-3982ec261aaf8170bf9cf5c73935a842
recreated: 01_projects/bs_4_1/notes/데이터_애널리틱스/2026-05-28_25-text-analytics.qmd -> https://app.notion.com/p/Lecture-25-Text-Analytics-BoW-TF-IDF-3982ec261aaf81f89e15c02dde1a2024
recreated: 01_projects/bs_4_1/notes/데이터_애널리틱스/2026-06-02_26-word-embedding.qmd -> https://app.notion.com/p/Lecture-26-Word-Embedding-Word2Vec-GloVe-3982ec261aaf81229862cb2a2ec1dc1d
recreated: 01_projects/bs_4_1/notes/블록체인/2026-05-29_12-dex-amm-uniswap-v3.qmd -> https://app.notion.com/p/Lecture-12-DEX-AMM-CPMM-Uniswap-V3-3982ec261aaf81a48aafffea8392f604
recreated: 01_projects/bs_4_1/notes/블록체인/2026-05-30_13-lending-protocol-liquidation.qmd -> https://app.notion.com/p/Lecture-13-DeFi-3982ec261aaf8124831ed92ddda50783
recreated: 01_projects/bs_4_1/notes/블록체인/2026-05-30_14-governance-token-dao-stablecoin.qmd -> https://app.notion.com/p/Lecture-14-DAO-3982ec261aaf8101bc0dd62cf3aa3eae
recreated: 01_projects/bs_4_1/notes/블록체인/2026-05-30_15-stablecoin-mechanisms-terra-luna.qmd -> https://app.notion.com/p/Lecture-15-DAI-USDS-Terra-LUNA-3982ec261aaf814eb071e70d0eac6859
recreated: 01_projects/bs_4_1/notes/블록체인/2026-05-30_16-oracle-chainlink.qmd -> https://app.notion.com/p/Lecture-16-Oracle-3982ec261aaf81c4a3c6debf37c98d1b
recreated: 01_projects/bs_4_1/notes/블록체인/2026-05-30_17-18-rollup-scalability.qmd -> https://app.notion.com/p/Lecture-17-18-Optimistic-ZK-Rollup-3982ec261aaf81b89052f6a869a2361a
recreated: 01_projects/bs_4_1/notes/블록체인/2026-05-30_19-20-rollup-stage-pos-merge.qmd -> https://app.notion.com/p/Lecture-19-20-Stage-PoS-The-Merge-3982ec261aaf81a79981d7df65e8fa62
recreated: 01_projects/bs_4_1/notes/블록체인/2026-06-01_21-mev.qmd -> https://app.notion.com/p/Lecture-21-MEV-Maximal-Extractable-Value-3982ec261aaf81edacfff06b671bd82a
recreated: 01_projects/bs_4_1/notes/전공종합설계/00.qmd -> https://app.notion.com/p/Team-5-3982ec261aaf815b8a63d2d7f6f2c95c
recreated: 01_projects/bs_4_1/notes/화학/2026-05-04_ch5-periodicity-atomic-structure.qmd -> https://app.notion.com/p/Ch-5-3982ec261aaf81329346e6d32fb041a2
recreated: 01_projects/bs_4_1/notes/화학/2026-05-11_ch6-ionic-bonding.qmd -> https://app.notion.com/p/Ch-6-3982ec261aaf818e9411c389224a3005
recreated: 01_projects/bs_4_1/notes/화학/2026-05-18_ch7-covalent-bonding.qmd -> https://app.notion.com/p/Ch-7-3982ec261aaf8102887edbd71f248418
recreated: 01_projects/bs_4_1/notes/화학/2026-06-01_ch9-thermochemistry.qmd -> https://app.notion.com/p/Ch-9-3982ec261aaf81e18f41d4b92aecdf50
recreated: 02_categories/42_seoul/notes/00.md -> https://app.notion.com/p/ft_printf-3982ec261aaf81ad8397ff149eae62db
recreated: 02_categories/42_seoul/notes/01.md -> https://app.notion.com/p/ft_transcendence-github-action-3982ec261aaf8111ab3bf4ab35b6ab80
recreated: 02_categories/42_seoul/notes/02.md -> https://app.notion.com/p/ft_transcendence-JWT-3982ec261aaf8195abdad35d6b4e93e2
recreated: 02_categories/42_seoul/notes/03.md -> https://app.notion.com/p/ft_transcendence-block-chain-3982ec261aaf8177837dd32d0a14e5a9
recreated: 02_categories/42_seoul/notes/08.md -> https://app.notion.com/p/cloud-1-3982ec261aaf8195ae42e6ee751832fc
recreated: 02_categories/block_chain/notes/02.md -> https://app.notion.com/p/3982ec261aaf81729827fc163f5f75fb
recreated: 02_categories/deep_learning/notes/basic/06.qmd -> https://app.notion.com/p/3982ec261aaf81478927dc0f098db544
recreated: 02_categories/deep_learning/notes/pytorch/00.qmd -> https://app.notion.com/p/pytorch-3982ec261aaf817cba88f97ade325e56
recreated: 03_archives/completed_project/adp_실기/notes/01.qmd -> https://app.notion.com/p/3982ec261aaf812cb3dcf7d1e949a2f6
recreated: 03_archives/completed_project/adp_실기/notes/03.qmd -> https://app.notion.com/p/3982ec261aaf81cc8538eb9f79f8803b
recreated: 03_archives/completed_project/adp_실기/notes/04.qmd -> https://app.notion.com/p/3982ec261aaf81f1a40ffefc91c97b4c
recreated: 03_archives/completed_project/adp_실기/notes/05.qmd -> https://app.notion.com/p/3982ec261aaf81ebb706e9edd82cce97
recreated: 03_archives/completed_project/adp_실기/notes/07.qmd -> https://app.notion.com/p/3982ec261aaf81b8ab9ecf80ecc07c7e
recreated: 03_archives/completed_project/adp_실기/notes/10.qmd -> https://app.notion.com/p/3982ec261aaf81829265fb22c3358bee
recreated: 03_archives/completed_project/adp_실기/notes/Nonparametric/01.qmd -> https://app.notion.com/p/3982ec261aaf8157b312cdba3bb70cb5
recreated: 03_archives/completed_project/adp_실기/notes/bayse/03.qmd -> https://app.notion.com/p/3982ec261aaf814d9409fddc87e64f04
recreated: 03_archives/completed_project/adp_실기/notes/bayse/04.qmd -> https://app.notion.com/p/3982ec261aaf819bbe9fc58474de81d7
recreated: 03_archives/completed_project/adp_실기/notes/bayse/08.qmd -> https://app.notion.com/p/3982ec261aaf81f9bbdde2367372f615
recreated: 03_archives/completed_project/adp_실기/notes/bayse/13.qmd -> https://app.notion.com/p/3982ec261aaf81849e07ede85b2d962c
recreated: 03_archives/completed_project/adp_실기/notes/etc/00.qmd -> https://app.notion.com/p/Multidimensional-Scaling-3982ec261aaf819caa8bcfddffc4acf9
recreated: 03_archives/completed_project/adp_실기/notes/machine_learning/05.qmd -> https://app.notion.com/p/3982ec261aaf8186baecd5bc7c566d1d
recreated: 03_archives/completed_project/adp_필기/notes/03.md -> https://app.notion.com/p/2-3982ec261aaf81c9948ae0f27a216250
recreated: 03_archives/completed_project/bs_2_2/notes/bs_database/03.qmd -> https://app.notion.com/p/The-Relational-Model-3982ec261aaf814eb291d5f00b808fd9
recreated: 03_archives/completed_project/bs_2_2/notes/bs_database/work1.qmd -> https://app.notion.com/p/2-3982ec261aaf816b9f21d8493fde3370
recreated: 03_archives/completed_project/bs_2_2/notes/bs_database/work2.qmd -> https://app.notion.com/p/4-3982ec261aaf8161b8e8ee10934d8dc7
recreated: 03_archives/completed_project/bs_2_2/notes/bs_database/work4.qmd -> https://app.notion.com/p/SCM-3982ec261aaf81dfa24ac521d0c5897d
recreated: 03_archives/completed_project/bs_2_2/notes/bs_human/1_reaserch_method.qmd -> https://app.notion.com/p/Research-Method-in-Human-Factors-3982ec261aaf81378eb3f37ce9d6fd55
recreated: 03_archives/completed_project/bs_2_2/notes/bs_human/6_attention.qmd -> https://app.notion.com/p/Attention-3982ec261aaf8133845efdf450c53e7b
recreated: 03_archives/completed_project/bs_2_2/notes/bs_human/인간공학-보고서-초안.qmd -> https://app.notion.com/p/UI-3982ec261aaf81b7875bc1cd09a12b86
recreated: 03_archives/completed_project/bs_2_2/notes/bs_statistics/8-central-limit-theorem.qmd -> https://app.notion.com/p/3982ec261aaf81cbbcacd795a3db81a3
recreated: 03_archives/completed_project/bs_3_1/notes/OR/04.md -> https://app.notion.com/p/Simplex-Method-part-5-3982ec261aaf81bdb827c3095af7e463
recreated: 03_archives/completed_project/bs_3_1/notes/OR/05.md -> https://app.notion.com/p/part-6-3982ec261aaf81f9a12bdb4ba9e8b36c
recreated: 03_archives/completed_project/bs_3_1/notes/OR/11.md -> https://app.notion.com/p/3982ec261aaf816bada8d54f8584c0a1
recreated: 03_archives/completed_project/bs_3_1/notes/OR/12.qmd -> https://app.notion.com/p/OR-6-3982ec261aaf810b9a06d5b835241f22
recreated: 03_archives/completed_project/bs_3_1/notes/computer/02.qmd -> https://app.notion.com/p/ppt-3982ec261aaf81c69c8ee3fc03752783
recreated: 03_archives/completed_project/bs_3_1/notes/data_mining/01.md -> https://app.notion.com/p/3982ec261aaf81b5becefde25a1c48ab
recreated: 03_archives/completed_project/bs_3_1/notes/data_mining/02.md -> https://app.notion.com/p/3982ec261aaf81f1a96ad561387f2a0d
recreated: 03_archives/completed_project/bs_3_1/notes/data_mining/05.md -> https://app.notion.com/p/association-rule-mining-3982ec261aaf815680b0cf746a24dd0d
recreated: 03_archives/completed_project/bs_3_1/notes/data_mining/07.md -> https://app.notion.com/p/ensemble-3982ec261aaf81669452d9d16184073f
recreated: 03_archives/completed_project/bs_3_1/notes/data_mining/11.qmd -> https://app.notion.com/p/1-script-3982ec261aaf81b59822f567da603dd7
recreated: 03_archives/completed_project/bs_3_1/notes/data_mining/12.qmd -> https://app.notion.com/p/Dataminig-1-ppt-3982ec261aaf81209e13d6c1d196d561
recreated: 03_archives/completed_project/bs_3_1/notes/data_mining/13.qmd -> https://app.notion.com/p/classification-with-trees-3982ec261aaf818885edd4e70313d344
recreated: 03_archives/completed_project/bs_3_1/notes/others/3.md -> https://app.notion.com/p/3982ec261aaf81cdb69ac93ec2bf72b5
recreated: 03_archives/completed_project/bs_3_1/notes/product/01.md -> https://app.notion.com/p/Matching-Supply-with-Demand-3982ec261aaf81db8025fa8382e4403d
recreated: 03_archives/completed_project/bs_3_1/notes/product/02.md -> https://app.notion.com/p/3982ec261aaf8140a52edee036e03f99
recreated: 03_archives/completed_project/bs_3_1/notes/product/03.md -> https://app.notion.com/p/3982ec261aaf8180aa77dcd0531902a2
recreated: 03_archives/completed_project/bs_3_1/notes/product/05.md -> https://app.notion.com/p/3982ec261aaf8171bcdbf410186824e3
recreated: 03_archives/completed_project/bs_3_1/notes/product/08.md -> https://app.notion.com/p/3982ec261aaf81609db0eeb6ca857fde
recreated: 03_archives/completed_project/bs_3_1/notes/product/12.md -> https://app.notion.com/p/3982ec261aaf81b88674cc3bc8a20481
recreated: 03_archives/completed_project/bs_3_1/notes/statistics/01.md -> https://app.notion.com/p/3982ec261aaf81918aa0d222e07f18b6
recreated: 03_archives/completed_project/bs_3_1/notes/statistics/04.md -> https://app.notion.com/p/Regression-Analysis-3982ec261aaf81389b32c2ae24208907
recreated: 03_archives/completed_project/bs_3_2/notes/cte/00.md -> https://app.notion.com/p/Could-Quantum-Computing-be-the-Next-Paradigm-Shift-Soon-3982ec261aaf818bbd44efb39ab49549
recreated: 03_archives/completed_project/bs_3_2/notes/공급사슬관리/10.md -> https://app.notion.com/p/SCM-3982ec261aaf81869c52fa479f3e4457
recreated: 03_archives/completed_project/bs_3_2/notes/시뮬레이션/02.qmd -> https://app.notion.com/p/cheat-seet-3982ec261aaf81398de3ff2fb93f0b30
recreated: 03_archives/completed_project/bs_3_2/notes/시뮬레이션/03.qmd -> https://app.notion.com/p/3982ec261aaf812f9b6de256a7fc32bd
recreated: 03_archives/completed_project/bs_3_2/notes/신재생에너지/00.md -> https://app.notion.com/p/3982ec261aaf813985f5f8b238182466
recreated: 03_archives/completed_project/bs_3_2/notes/품질경영/02.md -> https://app.notion.com/p/3982ec261aaf81c3be44e9d1ae2a6f27
recreated: 03_archives/completed_project/bs_3_2/notes/프로세스경영/12.qmd -> https://app.notion.com/p/5-3982ec261aaf812c9efefcc6a3782a52
recreated: 03_archives/completed_project/opic/notes/01.md -> https://app.notion.com/p/script-3982ec261aaf8169ab75d3385049f34d
recreated: 03_archives/stored_categories/blog/notes/1.md -> https://app.notion.com/p/Second-Brain-3982ec261aaf81f8911cc4b3e6bff8de
recreated: 03_archives/stored_categories/금융/notes/00.md -> https://app.notion.com/p/3982ec261aaf81a8a093ea6824abe8e8
done imported=88 skipped=0 failed=0 manifest=/home/cryscham123/my_blog/notion_import_manifest.json
